// Jest Snapshot v1, https://goo.gl/fbAQLP

exports[`Render Tab item 1`] = `
<li
  className="movie-nav__item"
>
  <a
    className="movie-nav__link"
    href="#"
    onClick={[Function]}
  >
    Name
  </a>
</li>
`;
