// Jest Snapshot v1, https://goo.gl/fbAQLP

exports[`withVideo is renderered correctly 1`] = `
<div>
  <video
    height="175"
    src="Some url"
    width="280"
  />
</div>
`;
