// Jest Snapshot v1, https://goo.gl/fbAQLP

exports[`Render MovieCardButtons 1`] = `
<a
  className="btn  movie-card__button"
  href="add-review.html"
>
  Add review
</a>
`;
