// Jest Snapshot v1, https://goo.gl/fbAQLP

exports[`Render list of Genres 1`] = `
<ul
  className="catalog__genres-list"
>
  <li
    className="catalog__genres-item"
  >
    <a
      className="catalog__genres-link"
      href="{genre}"
      onClick={[Function]}
    >
      All genres
    </a>
  </li>
  <li
    className="catalog__genres-item catalog__genres-item--active"
  >
    <a
      className="catalog__genres-link"
      href="{genre}"
      onClick={[Function]}
    >
      genre-0
    </a>
  </li>
  <li
    className="catalog__genres-item"
  >
    <a
      className="catalog__genres-link"
      href="{genre}"
      onClick={[Function]}
    >
      genre-1
    </a>
  </li>
  <li
    className="catalog__genres-item"
  >
    <a
      className="catalog__genres-link"
      href="{genre}"
      onClick={[Function]}
    >
      genre-2
    </a>
  </li>
</ul>
`;
