// Jest Snapshot v1, https://goo.gl/fbAQLP

exports[`Render VideoPreview 1`] = `
<div
  className="small-movie-card__image"
/>
`;
